// Jest Snapshot v1, https://goo.gl/fbAQLP

exports[`renders 1`] = `
<DocumentFragment>
  <div
    class="field is-grouped"
  >
    <button
      data-testid="buttontag"
    >
      Testing
    </button>
  </div>
</DocumentFragment>
`;
